[
  [
    46,
    1000
  ],
  [
    92,
    2000
  ],
  [
    139,
    3000
  ],
  [
    185,
    4000
  ],
  [
    232,
    5000
  ],
  [
    278,
    6000
  ],
  [
    325,
    7000
  ],
  [
    371,
    8000
  ],
  [
    417,
    9000
  ],
  [
    464,
    10000
  ],
  [
    510,
    11000
  ]
]