[
  [
    46,
    125
  ],
  [
    79,
    250
  ],
  [
    111,
    500
  ],
  [
    143,
    1000
  ],
  [
    175,
    2000
  ],
  [
    207,
    4000
  ],
  [
    239,
    8000
  ]
]