[
  [
    23,
    1000
  ],
  [
    46,
    2000
  ],
  [
    69,
    3000
  ],
  [
    92,
    4000
  ],
  [
    116,
    5000
  ],
  [
    139,
    6000
  ],
  [
    162,
    7000
  ],
  [
    185,
    8000
  ],
  [
    208,
    9000
  ],
  [
    232,
    10000
  ],
  [
    255,
    11000
  ]
]