[
  [
    0,
    0
  ],
  [
    1,
    4
  ],
  [
    2,
    8
  ],
  [
    3,
    12
  ],
  [
    4,
    16
  ],
  [
    5,
    20
  ],
  [
    6,
    23
  ],
  [
    7,
    27
  ],
  [
    8,
    31
  ],
  [
    9,
    35
  ],
  [
    10,
    39
  ],
  [
    11,
    43
  ],
  [
    12,
    47
  ],
  [
    13,
    51
  ],
  [
    14,
    55
  ],
  [
    15,
    59
  ],
  [
    16,
    62
  ],
  [
    17,
    66
  ],
  [
    18,
    70
  ],
  [
    19,
    74
  ],
  [
    20,
    78
  ],
  [
    21,
    82
  ],
  [
    22,
    86
  ],
  [
    23,
    90
  ],
  [
    24,
    94
  ],
  [
    25,
    98
  ],
  [
    26,
    102
  ],
  [
    27,
    105
  ],
  [
    28,
    109
  ],
  [
    29,
    113
  ],
  [
    30,
    117
  ],
  [
    31,
    121
  ],
  [
    32,
    125
  ],
  [
    33,
    129
  ],
  [
    33,
    129
  ],
  [
    34,
    133
  ],
  [
    35,
    137
  ],
  [
    36,
    141
  ],
  [
    37,
    145
  ],
  [
    38,
    148
  ],
  [
    39,
    152
  ],
  [
    40,
    156
  ],
  [
    40,
    156
  ],
  [
    41,
    160
  ],
  [
    43,
    168
  ],
  [
    44,
    172
  ],
  [
    45,
    176
  ],
  [
    46,
    180
  ],
  [
    47,
    184
  ],
  [
    48,
    188
  ],
  [
    49,
    191
  ],
  [
    50,
    195
  ],
  [
    52,
    203
  ],
  [
    53,
    207
  ],
  [
    54,
    211
  ],
  [
    56,
    219
  ],
  [
    57,
    223
  ],
  [
    58,
    227
  ],
  [
    60,
    234
  ],
  [
    61,
    238
  ],
  [
    63,
    246
  ],
  [
    65,
    254
  ],
  [
    66,
    258
  ],
  [
    68,
    266
  ],
  [
    69,
    270
  ],
  [
    71,
    277
  ],
  [
    73,
    285
  ],
  [
    75,
    293
  ],
  [
    77,
    301
  ],
  [
    79,
    309
  ],
  [
    80,
    312
  ],
  [
    82,
    320
  ],
  [
    85,
    332
  ],
  [
    87,
    340
  ],
  [
    89,
    348
  ],
  [
    91,
    355
  ],
  [
    93,
    363
  ],
  [
    96,
    375
  ],
  [
    98,
    383
  ],
  [
    100,
    391
  ],
  [
    103,
    402
  ],
  [
    106,
    414
  ],
  [
    108,
    422
  ],
  [
    111,
    434
  ],
  [
    114,
    445
  ],
  [
    116,
    453
  ],
  [
    119,
    465
  ],
  [
    122,
    477
  ],
  [
    125,
    488
  ],
  [
    129,
    504
  ],
  [
    132,
    516
  ],
  [
    135,
    527
  ],
  [
    138,
    539
  ],
  [
    142,
    555
  ],
  [
    145,
    566
  ],
  [
    149,
    582
  ],
  [
    153,
    598
  ],
  [
    157,
    613
  ],
  [
    160,
    625
  ],
  [
    164,
    641
  ],
  [
    169,
    660
  ],
  [
    173,
    676
  ],
  [
    177,
    691
  ],
  [
    182,
    711
  ],
  [
    186,
    727
  ],
  [
    191,
    746
  ],
  [
    195,
    762
  ],
  [
    200,
    781
  ],
  [
    205,
    801
  ],
  [
    211,
    824
  ],
  [
    216,
    844
  ],
  [
    221,
    863
  ],
  [
    227,
    887
  ],
  [
    232,
    906
  ],
  [
    238,
    930
  ],
  [
    244,
    953
  ],
  [
    250,
    977
  ],
  [
    257,
    1004
  ],
  [
    263,
    1027
  ],
  [
    269,
    1051
  ],
  [
    276,
    1078
  ],
  [
    283,
    1105
  ],
  [
    290,
    1133
  ],
  [
    297,
    1160
  ],
  [
    305,
    1191
  ],
  [
    313,
    1223
  ],
  [
    320,
    1250
  ],
  [
    328,
    1281
  ],
  [
    337,
    1316
  ],
  [
    345,
    1348
  ],
  [
    354,
    1383
  ],
  [
    363,
    1418
  ],
  [
    372,
    1453
  ],
  [
    381,
    1488
  ],
  [
    390,
    1523
  ],
  [
    400,
    1562
  ],
  [
    410,
    1602
  ],
  [
    421,
    1645
  ],
  [
    431,
    1684
  ],
  [
    442,
    1727
  ],
  [
    453,
    1770
  ],
  [
    464,
    1812
  ],
  [
    476,
    1859
  ],
  [
    488,
    1906
  ],
  [
    500,
    1953
  ],
  [
    513,
    2004
  ],
  [
    525,
    2051
  ],
  [
    538,
    2102
  ],
  [
    552,
    2156
  ],
  [
    566,
    2211
  ],
  [
    580,
    2266
  ],
  [
    594,
    2320
  ],
  [
    609,
    2379
  ],
  [
    625,
    2441
  ],
  [
    640,
    2500
  ],
  [
    656,
    2562
  ],
  [
    673,
    2629
  ],
  [
    690,
    2695
  ],
  [
    707,
    2762
  ],
  [
    725,
    2832
  ],
  [
    743,
    2902
  ],
  [
    761,
    2973
  ],
  [
    780,
    3047
  ],
  [
    800,
    3125
  ],
  [
    820,
    3203
  ],
  [
    841,
    3285
  ],
  [
    862,
    3367
  ],
  [
    883,
    3449
  ],
  [
    905,
    3535
  ],
  [
    928,
    3625
  ],
  [
    951,
    3715
  ],
  [
    975,
    3809
  ],
  [
    999,
    3902
  ],
  [
    1025,
    4004
  ],
  [
    1050,
    4102
  ],
  [
    1076,
    4203
  ],
  [
    1103,
    4309
  ],
  [
    1131,
    4418
  ],
  [
    1159,
    4527
  ],
  [
    1188,
    4641
  ],
  [
    1218,
    4758
  ],
  [
    1249,
    4879
  ],
  [
    1280,
    5000
  ],
  [
    1312,
    5125
  ],
  [
    1345,
    5254
  ],
  [
    1379,
    5387
  ],
  [
    1413,
    5520
  ],
  [
    1449,
    5660
  ],
  [
    1485,
    5801
  ],
  [
    1522,
    5945
  ],
  [
    1560,
    6094
  ],
  [
    1599,
    6246
  ],
  [
    1639,
    6402
  ],
  [
    1681,
    6566
  ],
  [
    1723,
    6730
  ],
  [
    1766,
    6898
  ],
  [
    1810,
    7070
  ],
  [
    1855,
    7246
  ],
  [
    1902,
    7430
  ],
  [
    1950,
    7617
  ],
  [
    1998,
    7805
  ],
  [
    2049,
    8004
  ],
  [
    2100,
    8203
  ],
  [
    2152,
    8406
  ],
  [
    2206,
    8617
  ],
  [
    2262,
    8836
  ],
  [
    2318,
    9055
  ],
  [
    2376,
    9281
  ],
  [
    2436,
    9516
  ],
  [
    2497,
    9754
  ],
  [
    2560,
    10000
  ],
  [
    2624,
    10250
  ],
  [
    2690,
    10508
  ],
  [
    2757,
    10770
  ],
  [
    2826,
    11039
  ],
  [
    2897,
    11316
  ],
  [
    2969,
    11598
  ],
  [
    3044,
    11891
  ],
  [
    3120,
    12188
  ],
  [
    3198,
    12492
  ],
  [
    3278,
    12805
  ],
  [
    3361,
    13129
  ],
  [
    3445,
    13457
  ],
  [
    3531,
    13793
  ],
  [
    3620,
    14141
  ],
  [
    3710,
    14492
  ],
  [
    3803,
    14855
  ],
  [
    3899,
    15230
  ],
  [
    3996,
    15609
  ],
  [
    4097,
    16004
  ],
  [
    4199,
    16402
  ],
  [
    4304,
    16812
  ],
  [
    4412,
    17234
  ],
  [
    4523,
    17668
  ],
  [
    4636,
    18109
  ],
  [
    4752,
    18562
  ],
  [
    4871,
    19027
  ],
  [
    4994,
    19508
  ],
  [
    5119,
    19996
  ],
  [
    5247,
    20496
  ],
  [
    5379,
    21012
  ],
  [
    5513,
    21535
  ],
  [
    5651,
    22074
  ],
  [
    5793,
    22629
  ],
  [
    5938,
    23195
  ],
  [
    6087,
    23777
  ],
  [
    6240,
    24375
  ],
  [
    6396,
    24984
  ],
  [
    6556,
    25609
  ],
  [
    6721,
    26254
  ],
  [
    6889,
    26910
  ],
  [
    7062,
    27586
  ],
  [
    7239,
    28277
  ],
  [
    7420,
    28984
  ],
  [
    7606,
    29711
  ],
  [
    8191,
    31996
  ]
]