[
  [
    34,
    125
  ],
  [
    62,
    250
  ],
  [
    89,
    500
  ],
  [
    117,
    1000
  ],
  [
    145,
    2000
  ],
  [
    173,
    4000
  ],
  [
    201,
    8000
  ],
  [
    229,
    16000
  ],
  [
    256,
    32000
  ]
]