version https://git-lfs.github.com/spec/v1
oid sha256:5f2be8472fe6134428adafc277f1631cca41317bb52bc2fbf5aa9bb0065df998
size 65574
