version https://git-lfs.github.com/spec/v1
oid sha256:4a4c6e6db9d4ae60db44451f3aee123e583ebd848541a7f91dc8cbb932a36aa0
size 1052
